
> barbegravity@0.1.0 build
> next build

Ôû▓ Next.js 16.2.6 (Turbopack)

  Creating an optimized production build ...
Ô£ô Compiled successfully in 3.6s
  Running TypeScript ...
node.exe : Failed to type check.
No linha:1 caractere:1
+ & "C:\Program Files\nodejs/node.exe" "C:\Program Files\nodejs/node_mo ...
+ ~~~~~~~~~~~~~~~~~~~~~~~~~~~~~~~~~~~~~~~~~~~~~~~~~~~~~~~~~~~~~~~~~~~~~
    + CategoryInfo          : NotSpecified: (Failed to type check.:String) [], RemoteException
    + FullyQualifiedErrorId : NativeCommandError
 

./app/components/webgl/HeroScene.tsx:127:11
Type error: Type '{ children: Element; global: true; config: { mass: number; tension: number; }; snap: boolean; 
rotation: [number, number, number]; polar: [number, number]; azimuth: [number, number]; }' is not assignable to type 
'IntrinsicAttributes & PresentationControlProps'.
  Property 'config' does not exist on type 'IntrinsicAttributes & PresentationControlProps'.

  [90m125 |[0m         <[33mPresentationControls[0m
  [90m126 |[0m           global
[31m[1m>[0m [90m127 |[0m           config={{ mass: [35m2[0m, tension: [35m500[0m }}
  [90m    |[0m           [31m[1m^[0m
  [90m128 |[0m           snap={[36mtrue[0m}
  [90m129 |[0m           rotation={[[35m0[0m, [35m0[0m, [35m0[0m]}
  [90m130 |[0m           polar={[-[33mMath[0m.[33mPI[0m / [35m4[0m, [33mMath[0m.[33mPI[0m / [35m4[0m]}
Next.js build worker exited with code: 1 and signal: null
